<html>
<body>
<pre>
<h1>礦ision Build Log</h1>
<h2>Tool Versions:</h2>
IDE-Version: μVision V5.22.0.0
Copyright (C) 2016 ARM Ltd and ARM Germany GmbH. All rights reserved.
License Information: Deng qilong, gizwits, LIC=EPPBS-LGM16-BVZ1G-VRYFN-MB3KR-UYEXR
 
Tool Versions:
Toolchain:       MDK-ARM Professional  Version: 5.22
Toolchain Path:  C:\myKeil_v5\ARM\ARMCC\Bin
C Compiler:      Armcc.exe V5.06 update 4 (build 422)
Assembler:       Armasm.exe V5.06 update 4 (build 422)
Linker/Locator:  ArmLink.exe V5.06 update 4 (build 422)
Library Manager: ArmAr.exe V5.06 update 4 (build 422)
Hex Converter:   FromElf.exe V5.06 update 4 (build 422)
CPU DLL:         SARMCM3.DLL V5.22
Dialog DLL:      DARMCM1.DLL V1.15.0.0
Target DLL:      STLink\ST-LINKIII-KEIL_SWO.dll V2.0.18.0
Dialog DLL:      TARMCM1.DLL V1.11.0.0
 
<h2>Project:</h2>
F:\松山湖工作交接\交接\No5.RGB5050底板(圆形)\关联的资料\LED驱动程序\2016-8-28测试OK\LEDTEST\MDK-ARM\LEDTEST.uvprojx
Project File Date:  10/04/2016

<h2>Output:</h2>
*** Using Compiler 'V5.06 update 4 (build 422)', folder: 'C:\myKeil_v5\ARM\ARMCC\Bin'
Build target 'LEDTEST'
compiling main.c...
../Src/main.c(315): warning:  #177-D: variable "i"  was declared but never referenced
  	uint8_t i=0;
../Src/main.c: 1 warning, 0 errors
linking...
Program Size: Code=11664 RO-data=260 RW-data=8 ZI-data=1424  
FromELF: creating hex file...
"LEDTEST\LEDTEST.axf" - 0 Error(s), 1 Warning(s).

<h2>Software Packages used:</h2>

Package Vendor: ARM
                http://www.keil.com/pack/ARM.CMSIS.5.0.0.pack
                ARM::CMSIS:CORE:5.0.0
                CMSIS (Cortex Microcontroller Software Interface Standard)
   * Component: CORE Version: 5.0.0

<h2>Collection of Component include folders:</h2>
  F:\松山湖工作交接\交接\No5.RGB5050底板(圆形)\关联的资料\LED驱动程序\2016-8-28测试OK\LEDTEST\MDK-ARM\RTE\_LEDTEST
  C:\myKeil_v5\ARM\PACK\ARM\CMSIS\5.0.0\CMSIS\Include
  C:\myKeil_v5\ARM\PACK\Keil\STM32L0xx_DFP\1.6.0\Device\Include

<h2>Collection of Component Files used:</h2>

   * Component: ARM::CMSIS:CORE:5.0.0
Build Time Elapsed:  00:00:01
</pre>
</body>
</html>
